=== odyssey-release c=500 run=1 ===
pgbench (18.4 (Ubuntu 18.4-1.pgdg24.04+1))
transaction type: /var/lib/postgresql/workload.sql
scaling factor: 1
query mode: simple
number of clients: 500
number of threads: 4
maximum number of tries: 1
duration: 30 s
number of transactions actually processed: 159187
number of failed transactions: 0 (0.000%)
latency average = 76.921 ms
initial connection time = 5598.087 ms
tps = 6500.156780 (without initial connection time)
=== odyssey-release c=500 run=2 ===
pgbench (18.4 (Ubuntu 18.4-1.pgdg24.04+1))
transaction type: /var/lib/postgresql/workload.sql
scaling factor: 1
query mode: simple
number of clients: 500
number of threads: 4
maximum number of tries: 1
duration: 30 s
number of transactions actually processed: 157663
number of failed transactions: 0 (0.000%)
latency average = 77.335 ms
initial connection time = 5697.502 ms
tps = 6465.398902 (without initial connection time)
=== odyssey-release c=500 run=3 ===
pgbench (18.4 (Ubuntu 18.4-1.pgdg24.04+1))
transaction type: /var/lib/postgresql/workload.sql
scaling factor: 1
query mode: simple
number of clients: 500
number of threads: 4
maximum number of tries: 1
duration: 30 s
number of transactions actually processed: 159421
number of failed transactions: 0 (0.000%)
latency average = 76.499 ms
initial connection time = 5700.003 ms
tps = 6535.995678 (without initial connection time)
