=== odyssey workers=1 c=500 ===
pgbench (18.4 (Ubuntu 18.4-1.pgdg24.04+1))
transaction type: /var/lib/postgresql/workload.sql
scaling factor: 1
query mode: simple
number of clients: 500
number of threads: 4
maximum number of tries: 1
duration: 30 s
number of transactions actually processed: 152598
number of failed transactions: 0 (0.000%)
latency average = 77.412 ms
initial connection time = 6457.556 ms
tps = 6458.945225 (without initial connection time)
=== odyssey workers=2 c=500 ===
pgbench (18.4 (Ubuntu 18.4-1.pgdg24.04+1))
transaction type: /var/lib/postgresql/workload.sql
scaling factor: 1
query mode: simple
number of clients: 500
number of threads: 4
maximum number of tries: 1
duration: 30 s
number of transactions actually processed: 158821
number of failed transactions: 0 (0.000%)
latency average = 76.648 ms
initial connection time = 5742.389 ms
tps = 6523.364131 (without initial connection time)
